---
source: src/lex/mod.rs
expression: "lex(\"aeon_examples/hello_world.aeon\")"
---
Ok(
    [
        Keyword(
            Module,
        ),
        Identifier(
            "Main",
        ),
        Newline,
        Keyword(
            Import,
        ),
        Literal(
            String(
                "std/io",
            ),
        ),
        Newline,
        Keyword(
            Fn,
        ),
        Identifier(
            "main",
        ),
        OpenParen,
        CloseParen,
        OpenBrace,
        Identifier(
            "tmp",
        ),
        Operator(
            Assign,
        ),
        Operator(
            Reassign,
        ),
        Literal(
            Number(
                "1",
            ),
        ),
        Newline,
        CloseBrace,
        Newline,
    ],
)
