---
source: src/lex/mod.rs
expression: "lex(\"aeon_examples/modules.aeon\")"
---
Ok(
    [
        Keyword(
            Module,
        ),
        Identifier(
            "Main",
        ),
        Newline,
        Keyword(
            Import,
        ),
        Literal(
            String(
                "std/io",
            ),
        ),
        Newline,
        Keyword(
            Fn,
        ),
        Identifier(
            "main",
        ),
        OpenParen,
        CloseParen,
        OpenBrace,
        Identifier(
            "list",
        ),
        Operator(
            Assign,
        ),
        Operator(
            Reassign,
        ),
        Identifier(
            "LinkedList",
        ),
        Dot,
        Identifier(
            "new",
        ),
        OpenParen,
        CloseParen,
        Dot,
        Identifier(
            "push",
        ),
        OpenParen,
        Literal(
            Number(
                "0",
            ),
        ),
        CloseParen,
        Newline,
        Identifier(
            "io",
        ),
        Dot,
        Identifier(
            "printf",
        ),
        OpenParen,
        Literal(
            String(
                "%A\\n",
            ),
        ),
        Comma,
        Identifier(
            "list",
        ),
        CloseParen,
        Newline,
        OpenBrace,
        Identifier(
            "list",
        ),
        Operator(
            Assign,
        ),
        Keyword(
            Mut,
        ),
        Operator(
            Reassign,
        ),
        Identifier(
            "list",
        ),
        Newline,
        Dot,
        Identifier(
            "push",
        ),
        OpenParen,
        Literal(
            Number(
                "1",
            ),
        ),
        CloseParen,
        Newline,
        Dot,
        Identifier(
            "push",
        ),
        OpenParen,
        Literal(
            Number(
                "2",
            ),
        ),
        CloseParen,
        Newline,
        Dot,
        Identifier(
            "push",
        ),
        OpenParen,
        Literal(
            Number(
                "3",
            ),
        ),
        CloseParen,
        Newline,
        Identifier(
            "list",
        ),
        Dot,
        Identifier(
            "push_mut",
        ),
        OpenParen,
        Literal(
            Number(
                "4",
            ),
        ),
        CloseParen,
        Newline,
        Identifier(
            "io",
        ),
        Dot,
        Identifier(
            "printf",
        ),
        OpenParen,
        Literal(
            String(
                "%A\\n",
            ),
        ),
        Comma,
        Identifier(
            "list",
        ),
        CloseParen,
        Newline,
        CloseBrace,
        Newline,
        Identifier(
            "io",
        ),
        Dot,
        Identifier(
            "printf",
        ),
        OpenParen,
        Literal(
            String(
                "%A\\n",
            ),
        ),
        Comma,
        Identifier(
            "list",
        ),
        CloseParen,
        Newline,
        CloseBrace,
        Newline,
        Keyword(
            Module,
        ),
        Identifier(
            "LinkedList",
        ),
        OpenBrace,
        Keyword(
            Module,
        ),
        Identifier(
            "Node",
        ),
        OpenBrace,
        Keyword(
            Struct,
        ),
        OpenBrace,
        Identifier(
            "data",
        ),
        Operator(
            Assign,
        ),
        Identifier(
            "i32",
        ),
        Newline,
        Identifier(
            "next",
        ),
        Operator(
            Assign,
        ),
        Operator(
            Question,
        ),
        Operator(
            Star,
        ),
        Identifier(
            "Node",
        ),
        Newline,
        CloseBrace,
        Newline,
        CloseBrace,
        Newline,
        Keyword(
            Struct,
        ),
        OpenBrace,
        Identifier(
            "root",
        ),
        Operator(
            Assign,
        ),
        Operator(
            Question,
        ),
        Operator(
            Star,
        ),
        Identifier(
            "Node",
        ),
        Newline,
        CloseBrace,
        Newline,
        Keyword(
            Fn,
        ),
        Identifier(
            "new",
        ),
        OpenParen,
        CloseParen,
        Identifier(
            "Self",
        ),
        OpenBrace,
        Keyword(
            Return,
        ),
        Identifier(
            "LinkedList",
        ),
        OpenBrace,
        Identifier(
            "root",
        ),
        Operator(
            Assign,
        ),
        Keyword(
            Null,
        ),
        CloseBrace,
        Newline,
        CloseBrace,
        Newline,
        Keyword(
            Fn,
        ),
        Identifier(
            "push",
        ),
        OpenParen,
        Identifier(
            "self",
        ),
        Comma,
        Identifier(
            "item",
        ),
        Operator(
            Assign,
        ),
        Identifier(
            "i32",
        ),
        CloseParen,
        Identifier(
            "Self",
        ),
        OpenBrace,
        Keyword(
            Return,
        ),
        Identifier(
            "Self",
        ),
        OpenBrace,
        Identifier(
            "root",
        ),
        Operator(
            Assign,
        ),
        Operator(
            Ampersand,
        ),
        Identifier(
            "Node",
        ),
        OpenBrace,
        Identifier(
            "data",
        ),
        Operator(
            Assign,
        ),
        Identifier(
            "item",
        ),
        Newline,
        Identifier(
            "next",
        ),
        Operator(
            Assign,
        ),
        Identifier(
            "self",
        ),
        Dot,
        Identifier(
            "root",
        ),
        Newline,
        CloseBrace,
        Newline,
        CloseBrace,
        Newline,
        CloseBrace,
        Newline,
        Keyword(
            Fn,
        ),
        Identifier(
            "push_mut",
        ),
        OpenParen,
        Identifier(
            "self",
        ),
        Comma,
        Identifier(
            "item",
        ),
        Operator(
            Assign,
        ),
        Identifier(
            "i32",
        ),
        CloseParen,
        OpenBrace,
        Identifier(
            "new_node",
        ),
        Operator(
            Reassign,
        ),
        Operator(
            Ampersand,
        ),
        Identifier(
            "Node",
        ),
        OpenBrace,
        Identifier(
            "data",
        ),
        Operator(
            Assign,
        ),
        Identifier(
            "item",
        ),
        Newline,
        Identifier(
            "next",
        ),
        Operator(
            Assign,
        ),
        Identifier(
            "self",
        ),
        Dot,
        Identifier(
            "root",
        ),
        Newline,
        CloseBrace,
        Newline,
        Identifier(
            "self",
        ),
        Dot,
        Identifier(
            "root",
        ),
        Operator(
            Reassign,
        ),
        Identifier(
            "new_node",
        ),
        Newline,
        CloseBrace,
        Newline,
        CloseBrace,
        Newline,
    ],
)
